Connected: DEMO 115200 8N1  DTR=1 RTS=1 CTS=1 DSR=1 RI=0 CD=1
  === section: device commands ===
demo> AT
OK
demo> AT+PROD-ID
+PROD-ID:BASSOMATIC-77
demo> AT+LED on
OK
demo> AT+LED off
OK
demo> AT+NAME?
+NAME:Bassomatic v77
demo> AT+NAME=TestDevice
OK
demo> AT+NAME?
+NAME:TestDevice
demo> AT+BAUD?
+BAUD:115200
demo> mem 0x1000 32
  00001000: 00 B1 62 13 C4 75 26 D7 88 39 EA 9B 4C FD AE 5F  ..b..u&..9..L.._
  00001010: 10 C1 72 23 D4 85 36 E7 98 49 FA AB 5C 0D BE 6F  ..r#..6..I..\..o
demo> mem 0x2000 16
  00002000: 00 B1 62 13 C4 75 26 D7 88 39 EA 9B 4C FD AE 5F  ..b..u&..9..L.._
demo> AT+TEXTDUMP 3
[000000ms] temp=22.0C voltage=3.3V sample=0
[000050ms] temp=22.7C voltage=3.43V sample=1
[000100ms] temp=23.4C voltage=3.36V sample=2
demo> BOGUS
ERROR: Unknown command 'BOGUS'
demo> AT+LED on
OK
demo> AT+LED off
OK
  === section: print and echo ===
    Note: /echo is legacy; use /term.echo.
  off
  echo is off - this should appear
  on
demo> /print echo is on - this should appear with echo line
  echo is on - this should appear with echo line
demo> /print === section: variables ===
  === section: variables ===
> $(DEVICE) = BASSOMATIC
  $(DEVICE) = BASSOMATIC
> $(PORT_NUM) = 42
  $(PORT_NUM) = 42
demo> /print device=$(DEVICE) port=$(PORT_NUM)
  device=BASSOMATIC port=42
demo> /var DEVICE
  $(DEVICE) = BASSOMATIC
demo> /var PORT_NUM
  $(PORT_NUM) = 42
demo> /var.set DEVICE updated_value
  $(DEVICE) = updated_value
demo> /var DEVICE
  $(DEVICE) = updated_value
> $(BAUD) <- /port.baud_rate
  $(BAUD) = 115200
demo> /var BAUD
  $(BAUD) = 115200
demo> /var.clear
  Cleared 3 variable(s).
demo> /var DEVICE
    $(DEVICE) - not defined
demo> /print === section: config read ===
  === section: config read ===
demo> /cfg baud_rate
  115200
demo> /cfg encoding
  utf-8
demo> /cfg line_ending

demo> /cfg parity
  N
demo> /cfg byte_size
  8
demo> /cfg stop_bits
  1
demo> /cfg flow_control
  none
demo> /cfg echo_input
  True
demo> /cfg send_bare_enter
  False
demo> /cfg cmd_prefix
  /
demo> /print === section: config auto-set ===
  === section: config auto-set ===
demo> /cfg.auto echo_input true
  echo_input = True  (session)
demo> /cfg echo_input
  True
demo> /cfg.auto echo_input false
  echo_input = False  (session)
demo> /cfg echo_input
  False
demo> /print === section: config dump ===
  === section: config dump ===
demo> /cfg.dump
  {
    "config_version": 14,
    "default_ui": "tui",
    "title": "Demo Device",
    "border_color": "",
    "max_lines": 10000,
    "cmd_prefix": "/",
    "cli_prompt": "$(CFG)> ",
    "cli_echo_input": false,
    "cli_completion": true,
    "config_read_only": false,
    "os_cmd_enabled": false,
    "device_json_cmd": "AT+HELP.JSON",
    "auto_include_on_connect": true,
    "profile_path": "",
    "port": "DEMO",
    "baud_rate": 115200,
    "custom_baud": false,
    "byte_size": 8,
    "parity": "N",
    "stop_bits": 1,
    "flow_control": "none",
    "encoding": "utf-8",
    "cmd_delay_ms": 0,
    "auto_connect": true,
    "auto_reconnect": false,
    "on_connect_cmd": "/run welcome",
    "line_ending": "\r",
    "send_bare_enter": false,
    "echo_input": false,
    "echo_input_fmt": "$(CFG)> {cmd}",
    "log_file": "",
    "show_timestamps": false,
    "show_line_endings": false,
    "show_line_numbers": false,
    "hex_mode": false,
    "request_mode": false,
    "file_xfer_root": "",
    "cfg_enabled": true,
    "run_enabled": true,
    "proto_enabled": true,
    "show_traceback": true,
    "proto_frame_gap_ms": 50,
    "proto_results_template": "{name}_results.json",
    "max_grep_lines": 100,
    "custom_buttons": [
        {
            "enabled": true,
            "name": "Demo Help",
            "command": "/cls\\n/help",
            "tooltip": "Show all commands (termapy + device)"
        },
        {
            "enabled": true,
            "name": "AT Demo",
            "command": "/cls\\n/run at_demo.run",
            "tooltip": "Run all AT commands with delays"
        },
        {
            "enabled": true,
            "name": "Info",
            "command": "/cfg.info",
            "tooltip": "Project info"
        },
        {
            "enabled": true,
            "name": "Probe",
            "command": "/probe",
            "tooltip": "Demo plugin: query the device"
        },
        {
            "enabled": true,
            "name": "TempPlot",
            "command": "/temp_plot 30",
            "tooltip": "Demo plugin: temperature sparkline"
        }
    ]
}
demo> /print === section: config folders ===
  === section: config folders ===
demo> /run.list
    run/
      at_demo.run
      doc_screenshots.run
      expect_test.run
      gps_demo.run
      smoke_test.run
      status_check.run
      var_demo.run
      welcome.run
demo> /proto.list
    proto/
      at_test.pro
      bitfield_inline.pro
      modbus_inline.pro
demo> /print === section: port read ===
  === section: port read ===
demo> /port.baud_rate
  115200
demo> /port.parity
  N
demo> /port.byte_size
  8
demo> /port.stop_bits
  1
demo> /port.flow_control
  none
demo> /port.dtr
  1
demo> /port.rts
  1
demo> /port.cts
  1
demo> /port.dsr
  1
demo> /port.ri
  0
demo> /port.cd
  1
demo> /port.info
  Port        : DEMO  (connected)
  Baud rate   : 115200
  Frame       : 8N1
  Flow control: none
  Encoding    : utf-8

  Description : Termapy simulated device
  Manufacturer: termapy
  VID:PID     : not a USB device
  Model       : DEMO
  USB speed   : virtual (not a USB device)
  Permissions : ok
  In use      : no

  DTR: 1
  RTS: 1
  CTS: 1
  DSR: 1
  RI : 0
  CD : 1
demo> /print === section: port modify ===
  === section: port modify ===
demo> /port.dtr 0
  DTR -> 0
demo> /port.dtr
  0
demo> /port.dtr 1
  DTR -> 1
demo> /port.dtr
  1
demo> /port.rts 0
  RTS -> 0
demo> /port.rts
  0
demo> /print === section: port disconnect/connect ===
  === section: port disconnect/connect ===
demo> /port.disconnect
Disconnected.
demo> /port.baud_rate
  115200 (disconnected)
demo> /port.connect
Connected: DEMO 115200 8N1  DTR=1 RTS=1 CTS=1 DSR=1 RI=0 CD=1
demo> /port.baud_rate
  115200
demo> /print === section: port break ===
  === section: port break ===
demo> /port.break
  Break sent (250ms)
demo> /port.break 100
  Break sent (100ms)
demo> /print === section: port subcommands ===
  === section: port subcommands ===
demo> /port
NAME
  /port - Serial port tools: connect, disconnect, list, configure.

SYNOPSIS
  /port {name}

DESCRIPTION
  Connected: DEMO @ 115200 8N1

  Connect to, disconnect from, list, or configure the serial
  port.  Subcommands cover live signals (DTR/RTS/CTS/DSR/RI/CD),
  USB chip identification (/port.chip.*), and the four mode
  settings baud_rate, byte_size, parity, stop_bits.

AVAILABLE
  TUI: yes   CLI: yes   MCP: yes

SUBCOMMANDS
  /port.baud_rate       Show or set baud rate.
  /port.break           Send a break signal (default 250ms).
  /port.byte_size       Show or set data bits.
  /port.cd              Show Carrier Detect state (read-only).
  /port.chip            Identify USB-serial chip(s) and report USB speed class.
  /port.connect         Connect to the serial port (e.g. /port.connect COM3 9600 N81).
  /port.cts             Show CTS state (read-only).
  /port.disconnect      Disconnect from the serial port.
  /port.dsr             Show DSR state (read-only).
  /port.dtr             Show or set DTR line (hardware only).
  /port.flow_control    Show or set flow control (none/rtscts/xonxoff/manual).
  /port.help            Show /port help.
  /port.info            Show status, params, chip, and live signals for the connected port.
  /port.list            List available serial ports.
  /port.mode            Show or set serial mode (e.g. /port.mode 9600 N81).
  /port.parity          Show or set parity.
  /port.ri              Show Ring Indicator state (read-only).
  /port.rts             Show or set RTS line (hardware only).
  /port.stop_bits       Show or set stop bits.
demo> /print === section: line endings ===
  === section: line endings ===
demo> /show_line_endings on
    Note: /show_line_endings is legacy; use /term.line_endings.
  show_line_endings = True  (session)
  on
demo> /show_line_endings off
  show_line_endings = False  (session)
  off
demo> /print === section: seq ===
  === section: seq ===
demo> /seq
  No counters set.
demo> /print seq1={seq1+} seq2={seq2+}
  seq1=1 seq2=1
demo> /print seq1={seq1+} seq2={seq2}
  seq1=1 seq2=1
demo> /seq
  Counters: seq1=1, seq2=1
demo> /seq.reset
  Sequence counters reset.
demo> /seq
  No counters set.
demo> /print === section: proto crc ===
  === section: proto crc ===
demo> /proto.crc.info crc16-modbus
    crc16-modbus
    Modbus RTU serial protocol
  Width : 16 bits (2 bytes)
  Poly  : 0x8005
  Init  : 0xFFFF
  RefIn : True
  RefOut: True
  XorOut: 0x0000
  Check : 0x4B37  (CRC of '123456789')
  Spec  : CRC:crc16-modbus_le  or  CRC:crc16-modbus_be
demo> /proto.crc.calc crc16-modbus 01 03 00 00 00 0A
    Algorithm: crc16-modbus
    Data:      01 03 00 00 00 0A  (6 bytes)
    CRC:       0xCDC5
    Bytes LE:  C5 CD
    Bytes BE:  CD C5
demo> /proto.crc.calc crc8-maxim 48 65 6C 6C 6F
    Algorithm: crc8-maxim
    Data:      48 65 6C 6C 6F  (5 bytes)
    CRC:       0xEB
    Byte:      EB
demo> /proto.crc.calc crc32 01 02 03 04
    Algorithm: crc32
    Data:      01 02 03 04  (4 bytes)
    CRC:       0xB63CFBCD
    Bytes LE:  CD FB 3C B6
    Bytes BE:  B6 3C FB CD
demo> /print === section: help ===
  === section: help ===
demo> /help echo
NAME
  /echo - Toggle REPL command echo. Use /echo.silent to set without echoing.

SYNOPSIS
  /echo {on|off}

AVAILABLE
  TUI: yes   CLI: yes   MCP: no
  (MCP does not provide: interactive)
demo> /help port
NAME
  /port - Serial port tools: connect, disconnect, list, configure.

SYNOPSIS
  /port {name}

DESCRIPTION
  Connected: DEMO @ 115200 8N1

  Connect to, disconnect from, list, or configure the serial
  port.  Subcommands cover live signals (DTR/RTS/CTS/DSR/RI/CD),
  USB chip identification (/port.chip.*), and the four mode
  settings baud_rate, byte_size, parity, stop_bits.

AVAILABLE
  TUI: yes   CLI: yes   MCP: yes

SUBCOMMANDS
  /port.baud_rate       Show or set baud rate.
  /port.break           Send a break signal (default 250ms).
  /port.byte_size       Show or set data bits.
  /port.cd              Show Carrier Detect state (read-only).
  /port.chip            Identify USB-serial chip(s) and report USB speed class.
  /port.connect         Connect to the serial port (e.g. /port.connect COM3 9600 N81).
  /port.cts             Show CTS state (read-only).
  /port.disconnect      Disconnect from the serial port.
  /port.dsr             Show DSR state (read-only).
  /port.dtr             Show or set DTR line (hardware only).
  /port.flow_control    Show or set flow control (none/rtscts/xonxoff/manual).
  /port.help            Show /port help.
  /port.info            Show status, params, chip, and live signals for the connected port.
  /port.list            List available serial ports.
  /port.mode            Show or set serial mode (e.g. /port.mode 9600 N81).
  /port.parity          Show or set parity.
  /port.ri              Show Ring Indicator state (read-only).
  /port.rts             Show or set RTS line (hardware only).
  /port.stop_bits       Show or set stop bits.
demo> /help cfg
NAME
  /cfg - Show or change config values.

SYNOPSIS
  /cfg {key {value}}

DESCRIPTION
  Active cfg = demo (1 config available)

  Three modes:
    /cfg                  - TUI: open Cfg picker.  CLI: show this help.
    /cfg baud_rate        - show current value of 'baud_rate'
    /cfg baud_rate 115200 - change with confirmation dialog

  Type is auto-detected from the existing value (int, float,
  bool, string). Bool accepts: true/false, yes/no, on/off, 1/0.
  Changes are saved to the JSON config file.

  Use /cfg.dump to print every key/value pair as JSON.
  Use /cfg.auto to set values without confirmation (for scripts).

AVAILABLE
  TUI: yes   CLI: yes   MCP: yes

SUBCOMMANDS
  /cfg.auto       Set immediately (no confirmation).
  /cfg.dump       Print current config as JSON to the terminal.
  /cfg.explore    Open config directory in file explorer.
  /cfg.help       Show /cfg help.
  /cfg.info       Show project summary.
  /cfg.list       List all config files.
  /cfg.load       Load a different config in this session (CLI mode).
  /cfg.show       Open the current config file in the system viewer.
demo> /help proto.crc
NAME
  /proto.crc - Browse and compute CRC algorithms.

DESCRIPTION
  All 64 named CRC algorithms come from the reveng CRC
  catalogue maintained by Greg Cook since 1999:
    https://reveng.sourceforge.io/crc-catalogue/all.htm

  Every algorithm is verified against its catalogue check
  value (the CRC of the ASCII string '123456789') on every
  test run.  See /credits for full attribution.

AVAILABLE
  TUI: yes   CLI: yes   MCP: yes

SUBCOMMANDS
  /proto.crc.c         Generate C source code for a CRC algorithm.
  /proto.crc.calc      Compute CRC over hex bytes, text, or file.
  /proto.crc.find      Identify the CRC algorithm used in a captured packet.
  /proto.crc.info      Show algorithm parameters and description.
  /proto.crc.list      List algorithms (optional glob filter).
  /proto.crc.python    Generate Python source code for a CRC algorithm.
  /proto.crc.rust      Generate Rust source code for a CRC algorithm.

SEE ALSO
  /proto.debug, /proto.dump, /proto.explore, /proto.help, /proto.hex, /proto.list, /proto.run, /proto.send, /proto.show,
/proto.status, /proto
demo> /help var
NAME
  /var - List user variables, or show one by name.

SYNOPSIS
  /var {name}

DESCRIPTION
  Currently defined: 0 user, 4 launch, 3 dynamic, 15 context

  User-defined variables use $(NAME) syntax (case-sensitive).

  Setting variables (no / prefix needed):
    $(PORT) = COM7                - store literal value
    $(BAUD) <- /port.baud_rate    - capture REPL command output
    $(TEMP) <- AT+TEMP            - capture device response

  Using variables in commands:
    /print $(PORT)
    AT+PORT=$(PORT)

  Commands:
    /var                   - list all variables
    /var PORT              - show one variable (bare name or $(PORT))
    /var.list              - list all variables (alias of bare /var)
    /var.set PORT val      - set a variable (literal string)
    /var.capture NAME cmd  - run cmd and store its result as NAME
    /var.clear             - clear all variables

  Dynamic variables (current clock at point of use):
    $(DATE)              - current date (YYYY-MM-DD)
    $(TIME)              - current time (HH:MM:SS)
    $(DATETIME)          - current date and time

  Launch variables (frozen when the app starts):
    $(LAUNCH_DATE)       - app start date
    $(LAUNCH_TIME)       - app start time
    $(LAUNCH_DATETIME)   - app start date and time

  Session variables (set once per script launch, frozen):
    $(SESSION_DATE)      - script start date
    $(SESSION_TIME)      - script start time
    $(SESSION_DATETIME)  - script start date and time

  Config variables (resolved paths from current config):
    $(CFG)               - config name (e.g. demo)
    $(CFG.DIR)           - config directory (resolved)
    $(CFG.FILE)          - config file path (resolved)
    $(CFG.LOG_FILE)      - log file path (resolved)
    $(CFG.RUN_DIR)       - scripts directory
    $(CFG.PROTO_DIR)     - protocol test directory
    $(CFG.PLUGIN_DIR)    - plugin directory
    $(CFG.SS_DIR)        - screenshot directory
    $(CFG.CAP_DIR)       - capture directory
    $(CFG.PROF_DIR)      - profile directory
    $(CFG.VIZ_DIR)       - visualizer directory
    $(CFG.PORT)          - serial port name
    $(CFG.BAUD)          - baud rate
    $(CFG.PORT_CFG)      - port config (e.g. 9600 8N1)
    $(CFG.PORT_FULL)     - full connection (e.g. COM4 9600 8N1)

  Escaping (when your data contains literal $):
    \$(PORT)           - literal $(PORT) (not expanded)
    /raw $(GPS),NMEA,0 - send entire line verbatim (no expansion)

  Scope: variables persist for the session. They are cleared
  automatically when a script is launched from the Scripts button
  or the Run menu, but NOT when /run is typed interactively.
  Use /var.clear to reset manually.

AVAILABLE
  TUI: yes   CLI: yes   MCP: yes

SUBCOMMANDS
  /var.capture    Capture command output into a user variable.
  /var.clear      Clear all user variables.
  /var.list       List user variables, or show one by name.
  /var.set        Set a user variable to a literal value.
demo> /help cap
NAME
  /cap - Data capture tools.

DESCRIPTION
  0 files in cap/

AVAILABLE
  TUI: yes   CLI: yes   MCP: yes

SUBCOMMANDS
  /cap.bin        Capture raw binary bytes.
  /cap.clear      Delete all files in cap/.
  /cap.dump       Print the newest (or named) file from cap/ to the terminal.
  /cap.explore    Open cap/ in the system file explorer.
  /cap.hex        Capture hex text lines, decode with format spec to CSV.
  /cap.list       List files in cap/.
  /cap.poll       Poll commands on a schedule, display (and optionally save) results.
  /cap.show       Open the newest file in cap/ with the system viewer.
  /cap.stop       Stop an active capture.
  /cap.struct     Capture raw bytes, decode with format spec to CSV.
  /cap.text       Capture serial text to a file for a timed duration.
  /cap.wire       Run a command and show TX/RX bytes as inline hex + repr.
demo> /help ss
NAME
  /ss - Screenshot tools: save SVG/text, manage folder.

DESCRIPTION
  0 screenshots in ss/

AVAILABLE
  TUI: yes   CLI: yes   MCP: yes

SUBCOMMANDS
  /ss.clear      Delete all files in ss/.
  /ss.explore    Open ss/ in the system file explorer.
  /ss.list       List files in ss/.
  /ss.show       Open the newest file in ss/ with the system viewer.
  /ss.svg        Save an SVG screenshot of the terminal.
  /ss.txt        Save a text screenshot of the terminal.
demo> /help proto
NAME
  /proto - Binary protocol tools: send, run, debug, hex, crc, status.

DESCRIPTION
  3 scripts in proto/

  Send examples:
    /proto.send 01 02 03         - send three hex bytes
    /proto.send "AT\r"           - send text with carriage return
    /proto.send 0x01 "hello" 0D  - mix hex and text
    /proto.send 00 ~25ms "AT\r"  - wake byte, 25ms pause, then command
    /proto.send ~500us 01 02     - 500us delay before data

  Inline delays use ~duration syntax (us, ms, s). Delays under
  1ms use spin-wait for precision. Delays >= 1ms use OS sleep.

  Send with CRC (algorithm name with optional _le/_be/_ascii suffixes):
    /proto.send crc16-modbus 01 03 00 00 00 0A            - append LE CRC (default)
    /proto.send crc16-modbus_be 01 03 00 00 00 0A         - append BE CRC
    /proto.send crc16-modbus_ascii "READ 0000"             - append CRC as hex text
    /proto.send crc16-modbus_be_ascii 01 03 00 00 00 0A   - BE CRC as hex text

  CRC tools:
    /proto.crc.list              - list all 62 algorithms
    /proto.crc.list *modbus*     - filter by glob pattern
    /proto.crc.info crc16-modbus - show parameters for Modbus CRC
    /proto.crc.calc crc16-modbus 01 03 00 00 00 01  - compute CRC

  Script files (.pro) support TOML format with [] sections
  or flat format with send:/expect: directives. Scripts are found
  in the proto/ subfolder of your config directory.

AVAILABLE
  TUI: yes   CLI: yes   MCP: yes

SUBCOMMANDS
  /proto.crc        Browse and compute CRC algorithms.
  /proto.debug      Interactive protocol debug screen.
  /proto.dump       Print the newest (or named) file from proto/ to the terminal.
  /proto.explore    Open proto/ in the system file explorer.
  /proto.help       Show /proto help.
  /proto.hex        Toggle hex display mode.
  /proto.list       List files in proto/.
  /proto.run        Run a protocol test script.
  /proto.send       Send raw bytes (with optional CRC), show response.
  /proto.show       Open the newest file in proto/ with the system viewer.
  /proto.status     Show current protocol state.
demo> /help plugin
NAME
  /plugin - Plugin-folder tools: list, explore, show, dump.

AVAILABLE
  TUI: yes   CLI: yes   MCP: yes

SUBCOMMANDS
  /plugin.dump       Print the newest (or named) file from plugin/ to the terminal.
  /plugin.explore    Open plugin/ in the system file explorer.
  /plugin.list       List files in plugin/.
  /plugin.show       Open the newest file in plugin/ with the system viewer.
demo> /help run
NAME
  /run - Run a script file, or list available scripts.

SYNOPSIS
  /run {filename}

AVAILABLE
  TUI: yes   CLI: yes   MCP: yes

SUBCOMMANDS
  /run.dump       Print the newest (or named) file from run/ to the terminal.
  /run.explore    Open run/ in the system file explorer.
  /run.help       Show /run help.
  /run.legacy     Scan a .run script for legacy command names (report, or --fix to rewrite).
  /run.list       List files in run/.
  /run.profile    Run a script with per-command timing.
  /run.show       Open the newest file in run/ with the system viewer.
demo> /print === section: help.run ===
  === section: help.run ===
demo> /help.run
-- Scripts --
  /run at_demo                  Walks through all demo device commands
  /run doc_screenshots          Generate documentation images
  /run expect_test              Expect command test
  /run gps_demo                 Query simulated GPS receiver
  /run smoke_test               Smoke test for demo device
  /run status_check             Quick status check
  /run var_demo                 Set variables and use them in commands
  /run welcome                  Runs on connect via on_connect_cmd config
  8 scripts.
demo> /print === section: help.plugin ===
  === section: help.plugin ===
demo> /help.plugin
-- Application --
  /cli        Already in CLI mode.
  /clr        Clear the terminal screen (alias for /cls).
  /color      Show or toggle color output.
  /delay      Wait for duration with progress bar (e.g. 500ms, 1.5s).
  /demo       Set up and switch to the demo device config.
  /raw        Send raw text to serial (no transforms or line ending).
  /run        Run a script file, or list available scripts.
  /tui        Switch to TUI mode.

-- Application Plugins --
  /app        App-wide state and config.
  /cap        Data capture tools.
  /cfg        Show or change config values.
  /cls        Clear the terminal screen.
  /credits    Show acknowledgments / third-party attributions.
  /edit       Open a project file in the system editor.
  /env        Manage $(env.NAME) expansion for CLI commands.
  /exit       Exit termapy.
  /grep       Search the scrollback for lines matching a pattern (case-insensitive regex).
  /help       Show the command landscape or look up a specific command.
  /include    Include device command help from JSON response.
  /mcp        MCP catalog and status (Model Context Protocol).
  /os         Run a shell command and show output (10s timeout). e.g. /os dir
  /ping       Send a command and measure response time.
  /plugin     Plugin-folder tools: list, explore, show, dump.
  /port       Serial port tools: connect, disconnect, list, configure.
  /print      Print a message to the terminal.
  /profile    Device profile commands (MCP profile schema, validator, loader).
  /proto      Binary protocol tools: send, run, debug, hex, crc, status.
  /repeat     Repeat a command N times with optional delay (escape to cancel).
  /search     Deep-search every command's metadata (name, help, args, flags, long help).
  /seq        Show sequence counters.
  /show       Show a file.
  /ss         Screenshot tools: save SVG/text, manage folder.
  /stop       Abort a running script.
  /term       Terminal display / session toggles (echo, line_no, timestamps, ...).
  /var        List user variables, or show one by name.
  /ver        Show termapy version.
  /xfer       File transfer settings.
  /xmodem     XMODEM file transfer.
  /ymodem     YMODEM file transfer (batch, 1K blocks).

-- Script Commands (.run files only) --
  /confirm    Show Yes/Cancel dialog; Cancel stops a running script.
  /expect     Wait for text in serial output (blocks until match or timeout).
  41 commands.
demo> /print === section: cap.poll ===
  === section: cap.poll ===
demo> /cap.poll count=3 delay=0 --notime cmd=AT+RAMP
    counter     AT+RAMP
          1         0.0
          2         0.1
          3         0.2
  Poll complete (3 samples)
demo> /print === section: repeat ===
  === section: repeat ===
demo> /repeat count=3 cmd=/print hello
demo> /print hello
  hello
demo> /print hello
  hello
demo> /print hello
  hello
demo> /repeat count=3 var=I cmd=/print iteration $(I)
demo> /print iteration $(I)
  iteration 1
demo> /print iteration $(I)
  iteration 2
demo> /print iteration $(I)
  iteration 3
demo> /repeat cmd=AT
  Error: Count is required
demo> /repeat count=0 cmd=AT
  Error: Count must be > 0: 0
demo> /repeat count=abc cmd=AT
  Error: Count must be an integer: abc
demo> /print === section: env vars ===
  === section: env vars ===
demo> /env.set TEST_VAR hello_world
    TEST_VAR=hello_world
demo> /env.list TEST_VAR
    TEST_VAR=hello_world
demo> /env.set TEST_VAR updated
    TEST_VAR=updated
demo> /env.list TEST_VAR
    TEST_VAR=updated
demo> /print === section: errors ===
  === section: errors ===
demo> /nonexistent_command
  Error: Unknown command: nonexistent_command
demo> /cfg nonexistent_key
  Error: Unknown config key: nonexistent_key
demo> /port.baud_rate not_a_number
  Invalid baud rate: not_a_number
demo> /port.parity X
  Invalid parity: X (use E, M, N, O, S)
demo> /port.dtr maybe
  Invalid DTR value: maybe (use 0/1/on/off)
demo> /port.break -5
  Invalid duration (use milliseconds, e.g. 250)
demo> /print === section: capability gates (tui_mode + screen_capture) ===
  === section: capability gates (tui_mode + screen_capture) ===
demo> /line_no on
    Note: /line_no is legacy; use /term.line_no.
  Error: /term.line_no requires: tui_mode (not available in this environment)
demo> /ss.svg
  Error: /ss.svg requires: screen_capture (not available in this environment)
demo> /ss.txt
  Error: /ss.txt requires: screen_capture (not available in this environment)
Disconnected.