Connected: DEMO 115200 8N1  DTR=1 RTS=1 CTS=1 DSR=1 RI=0 CD=1
  === section: device commands ===
  [1/219] /print === section: device commands === (280us)
demo> AT
OK
  [2/219] AT (24us)
demo> AT+PROD-ID
+PROD-ID:BASSOMATIC-77
  [3/219] AT+PROD-ID (43us)
demo> AT+LED on
OK
  [4/219] AT+LED on (39us)
demo> AT+LED off
OK
  [5/219] AT+LED off (30us)
demo> AT+NAME?
+NAME:Bassomatic v77
  [6/219] AT+NAME? (50us)
demo> AT+NAME=TestDevice
OK
  [7/219] AT+NAME=TestDevice (45us)
demo> AT+NAME?
+NAME:TestDevice
  [8/219] AT+NAME? (43us)
demo> AT+BAUD?
+BAUD:115200
  [9/219] AT+BAUD? (31us)
demo> mem 0x1000 32
00001000:  1B 00 00 50  7D 44 3A 21  05 00 00 00  0C 00 00 00  |...P}D:!........|
00001010:  60 67 6E 95  9C 83 8A B1  B8 BF A6 AD  D4 DB C2 C9  |`gn.............|
  [10/219] mem 0x1000 32 (89us)
demo> mem 0x2000 16
00002000:  20 27 2E 35  3C 03 0A 11  18 1F 66 6D  74 7B 42 49  | '.5<.....fmt{BI|
  [11/219] mem 0x2000 16 (87us)
demo> AT+TEXTDUMP 3
[000000ms] temp=22.0C voltage=3.3V sample=0
[000050ms] temp=22.7C voltage=3.43V sample=1
[000100ms] temp=23.4C voltage=3.36V sample=2
  [12/219] AT+TEXTDUMP 3 (61us)
demo> BOGUS
ERROR: Unknown command 'BOGUS'
  [13/219] BOGUS (63us)
demo> AT+LED on
OK
  [14/219] AT+LED on (37us)
demo> AT+LED off
OK
  [15/219] AT+LED off (41us)
  === section: print and echo ===
  [16/219] /print === section: print and echo === (425us)
  off
  [17/219] /term.echo_repl off (557us)
  repl echo is off - this output appears, with no command-echo above it
  [18/219] /print repl echo is off - this output appears, with no co... (270us)
  on
  [19/219] /term.echo_repl on (240us)
demo> /print repl echo is on - this output appears with its command-echo above it
  repl echo is on - this output appears with its command-echo above it
  [20/219] /print repl echo is on - this output appears with its com... (217us)
demo> /print === section: variables ===
  === section: variables ===
  [21/219] /print === section: variables === (185us)
> $(DEVICE) = BASSOMATIC
  $(DEVICE) = BASSOMATIC
  [22/219] $(DEVICE) = BASSOMATIC (295us)
> $(PORT_NUM) = 42
  $(PORT_NUM) = 42
  [23/219] $(PORT_NUM) = 42 (177us)
demo> /print device=$(DEVICE) port=$(PORT_NUM)
  device=BASSOMATIC port=42
  [24/219] /print device=$(DEVICE) port=$(PORT_NUM) (137us)
demo> /var DEVICE
  $(DEVICE) = BASSOMATIC
  [25/219] /var DEVICE (225us)
demo> /var PORT_NUM
  $(PORT_NUM) = 42
  [26/219] /var PORT_NUM (227us)
demo> /var.set DEVICE updated_value
  $(DEVICE) = updated_value
  [27/219] /var.set DEVICE updated_value (200us)
demo> /var DEVICE
  $(DEVICE) = updated_value
  [28/219] /var DEVICE (194us)
> $(BAUD) <- /port.baud_rate
  $(BAUD) = 115200
  [29/219] $(BAUD) <- /port.baud_rate (383us)
demo> /var BAUD
  $(BAUD) = 115200
  [30/219] /var BAUD (227us)
demo> /var.clear
  Cleared 3 variable(s).
  [31/219] /var.clear (153us)
demo> /var DEVICE
    $(DEVICE) - not defined
  [32/219] /var DEVICE (147us)
demo> /print === section: config read ===
  === section: config read ===
  [33/219] /print === section: config read === (108us)
demo> /cfg baud_rate
  115200
  [34/219] /cfg baud_rate (113us)
demo> /cfg encoding
  utf-8
  [35/219] /cfg encoding (122us)
demo> /cfg eol

  [36/219] /cfg eol (100us)
demo> /cfg parity
  N
  [37/219] /cfg parity (103us)
demo> /cfg byte_size
  8
  [38/219] /cfg byte_size (103us)
demo> /cfg stop_bits
  1
  [39/219] /cfg stop_bits (105us)
demo> /cfg flow_control
  none
  [40/219] /cfg flow_control (135us)
demo> /cfg echo
  True
  [41/219] /cfg echo (162us)
demo> /cfg send_bare_enter
  False
  [42/219] /cfg send_bare_enter (113us)
demo> /cfg cmd_prefix
  /
  [43/219] /cfg cmd_prefix (106us)
demo> /print === section: config auto-set ===
  === section: config auto-set ===
  [44/219] /print === section: config auto-set === (117us)
demo> /cfg.auto echo true
  echo = True  (session)
  [45/219] /cfg.auto echo true (120us)
demo> /cfg echo
  True
  [46/219] /cfg echo (111us)
demo> /cfg.auto echo false
  echo = False  (session)
  [47/219] /cfg.auto echo false (113us)
demo> /cfg echo
  False
  [48/219] /cfg echo (102us)
demo> /print === section: config dump ===
  === section: config dump ===
  [49/219] /print === section: config dump === (102us)
demo> /cfg.dump
  {
      "config_version": 29,
      "default_ui": "tui",
      "vt100_hint": true,
      "title": "Demo Device",
      "border_color": "",
      "max_lines": 10000,
      "cmd_prefix": "/",
      "cli_prompt": "$(CFG)> ",
      "cli_completion": true,
      "config_read_only": false,
      "profile_path": "",
      "serial": {
          "port": "DEMO",
          "baud_rate": 115200,
          "custom_baud": false,
          "byte_size": 8,
          "parity": "N",
          "stop_bits": 1,
          "flow_control": "none"
      },
      "encoding": "utf-8",
      "cmd_delay_ms": 0,
      "protocol": "text",
      "ndjson_field_routing": {
          "response_id": "id",
          "error_field": "error",
          "event_field": "event"
      },
      "default_response_timeout_ms": 1000,
      "auto_connect": true,
      "auto_reconnect": false,
      "on_connect_cmd": "",
      "tui_on_connect_cmd": "/run welcome",
      "cli_on_connect_cmd": "/run welcome",
      "mcp_on_connect_cmd": "",
      "eol": "\r",
      "eol_rx": "auto",
      "send_bare_enter": false,
      "echo": false,
      "echo_fmt": "[purple]$(CFG)> {cmd}[/]",
      "log_file": "",
      "timestamps": false,
      "eol_markers": false,
      "line_no": false,
      "hex": false,
      "request_mode": false,
      "request_err_pattern": "(?i)^(ERROR|ERR|FAULT)\\b",
      "strip_device_echo": false,
      "validate_typed_args": false,
      "file_xfer_root": "",
      "cfg_enabled": true,
      "run_enabled": true,
      "proto_enabled": true,
      "record_enabled": true,
      "show_traceback": true,
      "proto_frame_gap_ms": 50,
      "proto_results_template": "{name}_results.json",
      "max_grep_lines": 100,
      "custom_buttons": [
          {
              "enabled": true,
              "name": "Demo Help",
              "command": "/cls\\n/help",
              "tooltip": "Show all commands (termapy + device)"
          },
          {
              "enabled": true,
              "name": "AT Demo",
              "command": "/cls\\n/run at_demo.run",
              "tooltip": "Run all AT commands with delays"
          },
          {
              "enabled": true,
              "name": "Info",
              "command": "/cfg.info",
              "tooltip": "Project info"
          },
          {
              "enabled": true,
              "name": "Probe",
              "command": "/probe",
              "tooltip": "Demo plugin: query the device"
          },
          {
              "enabled": true,
              "name": "TempPlot",
              "command": "/temp_plot 30",
              "tooltip": "Demo plugin: temperature sparkline"
          }
      ]
  }
  [50/219] /cfg.dump (2.1ms)
demo> /print === section: config folders ===
  === section: config folders ===
  [51/219] /print === section: config folders === (115us)
demo> /run.list
    run/
      NAME                 SIZE    UPDATED   SUMMARY
      crc_tour.run         2.3 KB  just now  the whole /proto.crc.* API in one screen
      doc_screenshots.run  3.3 KB  just now  Generate documentation images
      expect_test.run       354 B  just now  Expect command test
      var_demo.run         1.1 KB  just now  Variable Demo -- Set variables and use them in commands
      status_check.run       72 B  just now  Quick status check
      smoke_test.run       1.1 KB  just now  Smoke test for demo device
      gps_demo.run          622 B  just now  GPS/NMEA Demo -- Query simulated GPS receiver
      at_demo.run           825 B  just now  AT Command Demo -- Walks through all demo device commands
      welcome.run           978 B  just now  Welcome script -- Runs on connect via on_connect_cmd config
  [52/219] /run.list (18.6ms)
demo> /proto.list
    proto/
      NAME                 SIZE    UPDATED
      at_test.pro           829 B  just now
      bitfield_inline.pro  2.7 KB  just now
      modbus_inline.pro    2.2 KB  just now
  [53/219] /proto.list (2.22ms)
demo> /print === section: port read ===
  === section: port read ===
  [54/219] /print === section: port read === (146us)
demo> /port.baud_rate
  115200
  [55/219] /port.baud_rate (332us)
demo> /port.parity
  N
  [56/219] /port.parity (135us)
demo> /port.byte_size
  8
  [57/219] /port.byte_size (110us)
demo> /port.stop_bits
  1
  [58/219] /port.stop_bits (110us)
demo> /port.flow_control
  none
  [59/219] /port.flow_control (195us)
demo> /port.dtr
  1
  [60/219] /port.dtr (126us)
demo> /port.rts
  1
  [61/219] /port.rts (116us)
demo> /port.cts
  1
  [62/219] /port.cts (113us)
demo> /port.dsr
  1
  [63/219] /port.dsr (112us)
demo> /port.ri
  0
  [64/219] /port.ri (105us)
demo> /port.cd
  1
  [65/219] /port.cd (112us)
demo> /port.info
  Port        : DEMO  (connected)
  Baud rate   : 115200
  Frame       : 8N1
  Flow control: none
  Encoding    : utf-8

  Description : Termapy simulated device
  Manufacturer: termapy
  VID:PID     : not a USB device
  Model       : DEMO
  USB speed   : virtual (not a USB device)
  Permissions : ok
  In use      : no

  DTR: 1
  RTS: 1
  CTS: 1
  DSR: 1
  RI : 0
  CD : 1
  [66/219] /port.info (6.16ms)
demo> /print === section: port modify ===
  === section: port modify ===
  [67/219] /print === section: port modify === (108us)
demo> /port.dtr 0
  DTR -> 0
  [68/219] /port.dtr 0 (120us)
demo> /port.dtr
  0
  [69/219] /port.dtr (108us)
demo> /port.dtr 1
  DTR -> 1
  [70/219] /port.dtr 1 (478us)
demo> /port.dtr
  1
  [71/219] /port.dtr (314us)
demo> /port.rts 0
  RTS -> 0
  [72/219] /port.rts 0 (184us)
demo> /port.rts
  0
  [73/219] /port.rts (153us)
demo> /print === section: port disconnect/connect ===
  === section: port disconnect/connect ===
  [74/219] /print === section: port disconnect/connect === (194us)
demo> /port.disconnect
Disconnected: DEMO
  [75/219] /port.disconnect (6.92ms)
demo> /port.baud_rate
  115200 (disconnected)
  [76/219] /port.baud_rate (131us)
demo> /port.connect
Connected: DEMO 115200 8N1  DTR=1 RTS=1 CTS=1 DSR=1 RI=0 CD=1
  [77/219] /port.connect (7.37ms)
demo> /port.baud_rate
  115200
  [78/219] /port.baud_rate (218us)
demo> /print === section: port break ===
  === section: port break ===
  [79/219] /print === section: port break === (197us)
demo> /port.break
  Break sent (250ms)
  [80/219] /port.break (462us)
demo> /port.break 100
  Break sent (100ms)
  [81/219] /port.break 100 (169us)
demo> /print === section: port subcommands ===
  === section: port subcommands ===
  [82/219] /print === section: port subcommands === (140us)
demo> /port
NAME
  /port - Serial port tools: connect, disconnect, list, configure.

SYNOPSIS
  /port {name}

DESCRIPTION
  Connected: DEMO @ 115200 8N1
  
  Connect to, disconnect from, list, or configure the serial
  port.  Subcommands cover live signals (DTR/RTS/CTS/DSR/RI/CD),
  USB chip identification (/port.chip.*), and the four mode
  settings baud_rate, byte_size, parity, stop_bits.

AVAILABLE
  TUI: yes   CLI: yes (current)   MCP: yes

SUBCOMMANDS
  /port.baud_rate       Show or set baud rate.
  /port.break           Send a break signal (default 250ms).
  /port.byte_size       Show or set data bits.
  /port.cd              Show Carrier Detect state (read-only).
  /port.chip            Identify USB-serial chip(s) and report USB speed class.
  /port.connect         Connect to the serial port (e.g. /port.connect COM3 9600 N81).
  /port.cts             Show CTS state (read-only).
  /port.disconnect      Disconnect from the serial port.
  /port.dsr             Show DSR state (read-only).
  /port.dtr             Show or set DTR line (hardware only).
  /port.flow_control    Show or set flow control (none/rtscts/xonxoff/manual).
  /port.help            Show /port help.
  /port.info            Print status, params, chip, and live signals for the connected port.
  /port.list            List available serial ports.
  /port.mode            Show or set serial mode (e.g. /port.mode 9600 N81).
  /port.parity          Show or set parity.
  /port.ri              Show Ring Indicator state (read-only).
  /port.rts             Show or set RTS line (hardware only).
  /port.stop_bits       Show or set stop bits.
  /port.usb             Show the whole USB tree, with serial ports marked.
  [83/219] /port (5.68ms)
demo> /print === section: line endings ===
  === section: line endings ===
  [84/219] /print === section: line endings === (168us)
demo> /show_line_endings on
    Note: /show_line_endings is legacy; use /term.line_endings.
  eol_markers = True  (session)
  on
  [85/219] /show_line_endings on (401us)
demo> /show_line_endings off
  eol_markers = False  (session)
  off
  [86/219] /show_line_endings off (261us)
demo> /print === section: seq ===
  === section: seq ===
  [87/219] /print === section: seq === (110us)
demo> /seq
  No counters set.
  [88/219] /seq (114us)
demo> /print seq1={seq1+} seq2={seq2+}
  seq1=1 seq2=1
  [89/219] /print seq1={seq1+} seq2={seq2+} (105us)
demo> /print seq1={seq1+} seq2={seq2}
  seq1=2 seq2=0
  [90/219] /print seq1={seq1+} seq2={seq2} (101us)
demo> /seq
  Counters: seq1=2, seq2=0
  [91/219] /seq (120us)
demo> /seq.reset
  Sequence counters reset.
  [92/219] /seq.reset (107us)
demo> /seq
  No counters set.
  [93/219] /seq (103us)
demo> /print === section: proto crc ===
  === section: proto crc ===
  [94/219] /print === section: proto crc === (101us)
demo> /proto.crc.info crc16-modbus
    crc16-modbus
    Modbus RTU serial protocol
  Width : 16 bits (2 bytes)
  Poly  : 0x8005
  Init  : 0xFFFF
  RefIn : True
  RefOut: True
  XorOut: 0x0000
  Check : 0x4B37  (CRC of '123456789')
  Spec  : CRC:crc16-modbus_le  or  CRC:crc16-modbus_be
  [95/219] /proto.crc.info crc16-modbus (2.5ms)
demo> /proto.crc.calc crc16-modbus 01 03 00 00 00 0A
    Algorithm: crc16-modbus
    Data:      01 03 00 00 00 0A  (6 bytes)
    CRC:       0xCDC5
    Bytes LE:  C5 CD
    Bytes BE:  CD C5
  [96/219] /proto.crc.calc crc16-modbus 01 03 00 00 00 0A (12.1ms)
demo> /proto.crc.calc crc8-maxim 48 65 6C 6C 6F
    Algorithm: crc8-maxim
    Data:      48 65 6C 6C 6F  (5 bytes)
    CRC:       0xEB
    Byte:      EB
  [97/219] /proto.crc.calc crc8-maxim 48 65 6C 6C 6F (1.71ms)
demo> /proto.crc.calc crc32 01 02 03 04
    Algorithm: crc32
    Data:      01 02 03 04  (4 bytes)
    CRC:       0xB63CFBCD
    Bytes LE:  CD FB 3C B6
    Bytes BE:  B6 3C FB CD
  [98/219] /proto.crc.calc crc32 01 02 03 04 (1.66ms)
demo> /print === section: symbols ===
  === section: symbols ===
  [99/219] /print === section: symbols === (270us)
demo> /sym.info
  file        : sym/demo.symbols.json
  source      : demo firmware (hand-written)
  imported    : 2026-08-29T00:00:00
  address_bits: 32
  endian      : le
  symbols     : 13  (bss 5, code 2, const 2, data 1, global 1, sfr 2)
  range       : 0x00001000 - 0xBF806014
  regions     : 0
  [100/219] /sym.info (2.87ms)
demo> /sym main
    0x00002000  main  [code 442 bytes main.c]
  [101/219] /sym main (299us)
demo> /sym 0x2010
    0x00002010  main+0x10  [code 442 bytes main.c]
  [102/219] /sym 0x2010 (289us)
demo> /sym gTemp
    0x00001000  gTemp  [bss 2 bytes sensor.c]
  [103/219] /sym gTemp (279us)
demo> /sym 4096
    0x00001000  gTemp  [bss 2 bytes sensor.c]
  [104/219] /sym 4096 (179us)
demo> /sym 1000
  0x000003E8  -- no symbol
  [105/219] /sym 1000 (197us)
demo> /sym main+0x10
    0x00002010  main+0x10  [code 442 bytes main.c]
  [106/219] /sym main+0x10 (164us)
demo> /sym count.12
    0x0000100C  count.12  [bss 4 bytes main.c]
  [107/219] /sym count.12 (179us)
demo> /sym count.12+4
    0x00001010  tick  [bss 4 bytes mon.c]
  [108/219] /sym count.12+4 (145us)
demo> /sym tick
  Error: Ambiguous symbol: tick (0x00001010 mon.c, 0x00001014 adc.c; use tick@mon.c or the address)
  [109/219] /sym tick (25us)
demo> /sym tick@adc.c
    0x00001014  tick  [bss 4 bytes adc.c]
  [110/219] /sym tick@adc.c (166us)
demo> /sym U1MODE.ON
  Error: Unsupported address suffix: .ON
  [111/219] /sym U1MODE.ON (29us)
demo> /sym nosuch
  Error: Unknown symbol: nosuch
  [112/219] /sym nosuch (18us)
demo> /sym.search g*
    0x00001000  gTemp  [bss 2 bytes sensor.c]
    0x00001002  gPressure  [bss 4 bytes sensor.c]
    0x00001008  gFlags  [data 4 bytes main.c]
  [113/219] /sym.search g* (454us)
demo> /sym.search ^Mon
    0x00002200  MonGpio  [code 776 bytes mon.c]
  [114/219] /sym.search ^Mon (163us)
demo> /sym.search zzz
  No symbols matching 'zzz'
  [115/219] /sym.search zzz (141us)
demo> /sym.import nosuch.map
  Error: Map file not found: nosuch.map
  [116/219] /sym.import nosuch.map (118us)
demo> /dev.import nosuch.svd
  Error: Source file not found: nosuch.svd
  [117/220] /dev.import nosuch.svd (100us)
demo> /sym.load nosuch.json
  Error: Symbols not found: nosuch.json
  [117/219] /sym.load nosuch.json (108us)
demo> /sym.unload
  Unloaded symbols (13).
  [118/219] /sym.unload (229us)
demo> /sym gTemp
  Error: No symbols loaded.
  [119/219] /sym gTemp (21us)
demo> /sym.load
  Loaded 13 symbols (demo.symbols.json)
  [120/219] /sym.load (1ms)
demo> /print === section: memory ===
  === section: memory ===
  [121/219] /print === section: memory === (175us)
demo> /mem.info
  status       : ok
  dialect      : termapy  (default)
  max_block    : 64  (device)
  address_bits : 32  (device)
  endian       : le  (device)
  atomic modify: yes  (device)
  device       : answered MEM.INFO
  [122/219] /mem.info (63.7ms)
demo> /mem.dump gTemp 16
  0x00001000  1B 00 00 50 7D 44 3A 21 05 00 00 00 0C 00 00 00  |...P}D:!........|  gTemp
  [123/219] /mem.dump gTemp 16 (66.6ms)
demo> /mem.dump gTemp 0x10
  0x00001000  1B 00 00 50 7D 44 3A 21 05 00 00 00 0C 00 00 00  |...P}D:!........|  gTemp
  [124/219] /mem.dump gTemp 0x10 (66.4ms)
demo> /mem.dump 0x2000 4
  0x00002000  20 27 2E 35                                      | '.5|  main
  [125/219] /mem.dump 0x2000 4 (65.7ms)
demo> /mem.dump main+0x10 8
  0x00002010  50 57 5E A5 AC B3 BA 81                          |PW^.....|  main+0x10
  [126/219] /mem.dump main+0x10 8 (69.1ms)
demo> /mem.write gFlags 07000000
  Wrote 4 bytes at 0x00001008  gFlags  (was 05000000)
  [127/219] /mem.write gFlags 07000000 (119ms)
demo> /mem.dump gFlags 4
  0x00001008  07 00 00 00                                      |....|  gFlags
  [128/219] /mem.dump gFlags 4 (59.5ms)
demo> /mem.dump U1MODE.ON 4
  Error: Unsupported address suffix here: .ON (use /mem.read or /mem.write)
  [129/219] /mem.dump U1MODE.ON 4 (45us)
demo> /mem.dump nosuch
  Error: Unknown symbol: nosuch
  [130/219] /mem.dump nosuch (21us)
demo> /mem.dump 0x9000 4
  Error: Device error: range
  [131/219] /mem.dump 0x9000 4 (68.9ms)
demo> /mem.write 0x1000 ZZ
  Error: Invalid hex: ZZ
  [132/219] /mem.write 0x1000 ZZ (52us)
demo> /mem.dump 0x1000 0
  Error: Invalid length: 0
  [133/219] /mem.dump 0x1000 0 (56us)
demo> /mem dump gTemp 2
  0x00001000  1B 00                                            |..|  gTemp
  [134/219] /mem dump gTemp 2 (76.8ms)
demo> /mem bogus
  Error: Unknown subcommand: bogus (subcommands: dump, read, write, or, and, xor, clear, not, str, info)
  [135/219] /mem bogus (50us)
demo> /mem
  status       : ok
  dialect      : termapy  (default)
  max_block    : 64  (device)
  address_bits : 32  (device)
  endian       : le  (device)
  atomic modify: yes  (device)
  device       : answered MEM.INFO
  [136/219] /mem (65.8ms)
demo> /profile.load demo_legacy.profile.json
  Loaded demo_legacy.profile.json: 1 commands (rev 1.0.0).
  [137/219] /profile.load demo_legacy.profile.json (99ms)
demo> /mem.info
  status       : ok
  dialect      : template  (profile)
  max_block    : 256  (profile)
  address_bits : 32  (profile)
  endian       : le  (profile)
  atomic modify: no  (default)
  read         : mem {addr:X} {len}
  write        : mem {addr:X} ={byte:02X}
  ack          : ^ok\b
  settle_ms    : 100
  [138/219] /mem.info (1.34ms)
demo> /mem.dump gTemp 16
  0x00001000  1B 00 00 50 7D 44 3A 21 07 00 00 00 0C 00 00 00  |...P}D:!........|  gTemp
  [139/219] /mem.dump gTemp 16 (1.01s)
demo> /mem.write gTemp 2C01
  Wrote 2 bytes at 0x00001000  gTemp  (was 1B00)
  [140/219] /mem.write gTemp 2C01 (3.02s)
demo> /mem.dump gTemp 4
  0x00001000  2C 01 00 50                                      |,..P|  gTemp
  [141/219] /mem.dump gTemp 4 (1.01s)
demo> /mem.dump 0x9000 4
  Error: Device error: err: address range 00009000..00009003 not mapped (would HardFault)
  [142/219] /mem.dump 0x9000 4 (1s)
demo> /profile.unload
  Unloaded profile (1 commands).
  [143/219] /profile.unload (230us)
demo> /mem.dump gTemp 2
  0x00001000  2C 01                                            |,.|  gTemp
  [144/219] /mem.dump gTemp 2 (114ms)
demo> /mem.read gTemp
  gTemp = 300  (0x012C)
  [145/219] /mem.read gTemp (57.1ms)
demo> /mem.read gPressure
  gPressure = 1013.25
  [146/219] /mem.read gPressure (57.5ms)
demo> /mem.read U1MODE
    ON       = 1
    UEN      = 0
    BRGH     = 1
  [147/219] /mem.read U1MODE (54.4ms)
demo> /mem.read U1MODE.ON
  U1MODE.ON = 1  (word 0x00008008 at 0xBF806000)
  [148/219] /mem.read U1MODE.ON (61.2ms)
demo> /mem.read sBanner char
  sBanner = 'B' (0x42)
  [149/219] /mem.read sBanner char (67ms)
demo> /mem.str sBanner
  0x00003100  sBanner  "Bassomatic v77"
  [150/219] /mem.str sBanner (60.3ms)
demo> /mem.write U1MODE.ON 0
  Set U1MODE.ON = 0  (0x00008008 -> 0x00000008)
  [151/219] /mem.write U1MODE.ON 0 (54.8ms)
demo> /mem.read U1MODE.ON
  U1MODE.ON = 0  (word 0x00000008 at 0xBF806000)
  [152/219] /mem.read U1MODE.ON (60.2ms)
demo> /mem.or gFlags 0x10
  OR 0x00000010 at 0x00001008  gFlags  (0x00000007 -> 0x00000017)
  [153/219] /mem.or gFlags 0x10 (66.1ms)
demo> /mem.xor gFlags 0x01
  XOR 0x00000001 at 0x00001008  gFlags  (0x00000017 -> 0x00000016)
  [154/219] /mem.xor gFlags 0x01 (126ms)
demo> /mem.clear gFlags 0x02
  CLEAR 0x00000002 at 0x00001008  gFlags  (0x00000016 -> 0x00000014)
  [155/219] /mem.clear gFlags 0x02 (58.7ms)
demo> /mem.not gTemp
  NOT at 0x00001000  gTemp  (0x012C -> 0xFED3)
  [156/219] /mem.not gTemp (131ms)
demo> /mem.not gTemp
  NOT at 0x00001000  gTemp  (0xFED3 -> 0x012C)
  [157/219] /mem.not gTemp (138ms)
demo> /mem.or U1STA 1
  Error: RMW refused: U1STA is rmw: false (W1C/self-clearing); write the whole word
  [158/219] /mem.or U1STA 1 (123us)
demo> /mem.write U1MODE.ON 2
  Error: Invalid value: 2 (ON is 1 bit)
  [159/219] /mem.write U1MODE.ON 2 (201us)
demo> /mem.read 0x1000
  Error: Type required: /mem.read <target> <type> (u8..u64, i8..i64, f32, f64, char) -- or target a typed symbol
  [160/219] /mem.read 0x1000 (81us)
demo> /mem.dump gTemp 16 u16
  0x00001000  012C 5000 447D 213A 0014 0000 000C 0000  |,..P}D:!........|  gTemp
  [161/219] /mem.dump gTemp 16 u16 (73.4ms)
demo> /mem.dump gTemp 4 addr=off ascii=off
  2C 01 00 50
  [162/219] /mem.dump gTemp 4 addr=off ascii=off (66.3ms)
demo> MEM.M 0x1000 F0 05 --json
{"cmd": "MEM.M 0x1000 F0 05"}
  {"cmd": "MEM.M 0x1000 F0 05", "success": true, "error": "", "value": "00001000: 2C\r\nOK", "data": null, "output_lines": [], "elapsed_s": 0.0636}
  [163/219] MEM.M 0x1000 F0 05 --json (63.6ms)
demo> /print === section: help ===
  === section: help ===
  [164/219] /print === section: help === (219us)
demo> /help echo
NAME
  /echo - Toggle echo of device commands sent to the wire. Use /echo.silent to set without echoing.

SYNOPSIS
  /echo {on|off}

REQUIRED CAPABILITIES
  interactive - an interactive session (a human at a terminal; not MCP)

AVAILABLE
  TUI: yes   CLI: yes (current)   MCP: no
  (MCP does not provide: interactive)
  [165/219] /help echo (2.07ms)
demo> /help port
NAME
  /port - Serial port tools: connect, disconnect, list, configure.

SYNOPSIS
  /port {name}

DESCRIPTION
  Connected: DEMO @ 115200 8N1
  
  Connect to, disconnect from, list, or configure the serial
  port.  Subcommands cover live signals (DTR/RTS/CTS/DSR/RI/CD),
  USB chip identification (/port.chip.*), and the four mode
  settings baud_rate, byte_size, parity, stop_bits.

AVAILABLE
  TUI: yes   CLI: yes (current)   MCP: yes

SUBCOMMANDS
  /port.baud_rate       Show or set baud rate.
  /port.break           Send a break signal (default 250ms).
  /port.byte_size       Show or set data bits.
  /port.cd              Show Carrier Detect state (read-only).
  /port.chip            Identify USB-serial chip(s) and report USB speed class.
  /port.connect         Connect to the serial port (e.g. /port.connect COM3 9600 N81).
  /port.cts             Show CTS state (read-only).
  /port.disconnect      Disconnect from the serial port.
  /port.dsr             Show DSR state (read-only).
  /port.dtr             Show or set DTR line (hardware only).
  /port.flow_control    Show or set flow control (none/rtscts/xonxoff/manual).
  /port.help            Show /port help.
  /port.info            Print status, params, chip, and live signals for the connected port.
  /port.list            List available serial ports.
  /port.mode            Show or set serial mode (e.g. /port.mode 9600 N81).
  /port.parity          Show or set parity.
  /port.ri              Show Ring Indicator state (read-only).
  /port.rts             Show or set RTS line (hardware only).
  /port.stop_bits       Show or set stop bits.
  /port.usb             Show the whole USB tree, with serial ports marked.
  [166/219] /help port (5.64ms)
demo> /help cfg
NAME
  /cfg - Show or set config values.

SYNOPSIS
  /cfg {key {value}}

DESCRIPTION
  Active cfg = demo (1 config available)
  
  Three modes:
    /cfg                  - TUI: open Cfg picker.  CLI: show this help.
    /cfg baud_rate        - show current value of 'baud_rate'
    /cfg baud_rate 115200 - change with confirmation dialog
  
  Type is auto-detected from the existing value (int, float,
  bool, string). Bool accepts: true/false, yes/no, on/off, 1/0.
  Changes are saved to the JSON config file.
  
  Use /cfg.dump to print every key/value pair as JSON.
  Use /cfg.auto to set values without confirmation (for scripts).

AVAILABLE
  TUI: yes   CLI: yes (current)   MCP: yes

SUBCOMMANDS
  /cfg.auto       Set immediately (no confirmation).
  /cfg.dump       Print the config (JSON) or a cfg-folder file to the terminal.
  /cfg.explore    Open config directory in file explorer.
  /cfg.help       Show /cfg help.
  /cfg.icon       Create a desktop / menu launcher for the current cfg.
  /cfg.info       Print project summary (tree + config + buttons).
  /cfg.list       List all config files.
  /cfg.load       Load a different config in this session (hot-swap).
  /cfg.show       Open the current config file in the system viewer.
  [167/219] /help cfg (6.35ms)
demo> /help var
NAME
  /var - List user variables, or show one by name.

SYNOPSIS
  /var {name}

DESCRIPTION
  Currently defined: 0 user, 6 datetime, 15 context, 1 launch
  
  User-defined variables use $(NAME) syntax (case-sensitive).
  
  Setting variables (no / prefix needed):
    $(PORT) = COM7                - store literal value
    $(BAUD) <- /port.baud_rate    - capture REPL command output
    $(TEMP) <- AT+TEMP            - capture device response
  
  Using variables in commands:
    /print $(PORT)
    AT+PORT=$(PORT)
  
  Commands:
    /var                   - list all variables
    /var PORT              - show one variable (bare name or $(PORT))
    /var.list              - list all variables (alias of bare /var)
    /var.set PORT val      - set a variable (literal string)
    /var.capture NAME cmd  - run cmd and store its result as NAME
    /var.clear             - clear all variables
  
  Dynamic variables (current clock at point of use):
    $(DATE)              - current date (YYYY-MM-DD)
    $(TIME)              - current time (HH:MM:SS)
    $(DATETIME)          - current date and time
  
  Custom format (any datetime variable, strftime after a colon):
    $(DATETIME:%Y%m%d_%H%M%S)  - filename-safe stamp (colon-free)
    $(TIME:%H%M)               - hour+minute only
    $(SESSION_DATE:%d-%b)      - works on frozen vars too
  
  Launch variables (frozen when the app starts):
    $(LAUNCH_DATE)       - app start date
    $(LAUNCH_TIME)       - app start time
    $(LAUNCH_DATETIME)   - app start date and time
  
  Session variables (set once per script launch, frozen):
    $(SESSION_DATE)      - script start date
    $(SESSION_TIME)      - script start time
    $(SESSION_DATETIME)  - script start date and time
  
  Config variables (resolved paths from current config):
    $(CFG)               - config name (e.g. demo)
    $(CFG.DIR)           - config directory (resolved)
    $(CFG.FILE)          - config file path (resolved)
    $(CFG.LOG_FILE)      - log file path (resolved)
    $(CFG.RUN_DIR)       - scripts directory
    $(CFG.PROTO_DIR)     - protocol test directory
    $(CFG.PLUGIN_DIR)    - plugin directory
    $(CFG.SS_DIR)        - screenshot directory
    $(CFG.CAP_DIR)       - capture directory
    $(CFG.PROF_DIR)      - profile directory
    $(CFG.VIZ_DIR)       - visualizer directory
    $(CFG.PORT)          - serial port name
    $(CFG.BAUD)          - baud rate
    $(CFG.PORT_CFG)      - port config (e.g. 9600 8N1)
    $(CFG.PORT_FULL)     - full connection (e.g. COM4 9600 8N1)
  
  Escaping (when your data contains literal $):
    \$(PORT)           - literal $(PORT) (not expanded)
    /raw $(GPS),NMEA,0 - send entire line verbatim (no expansion)
  
  Scope: variables persist for the session. They are cleared
  automatically when a script is launched from the Scripts button
  or the Run menu, but NOT when /run is typed interactively.
  Use /var.clear to reset manually.

AVAILABLE
  TUI: yes   CLI: yes (current)   MCP: yes

SUBCOMMANDS
  /var.capture    Capture command output into a user variable.
  /var.clear      Clear all user variables.
  /var.list       Explicit alias for bare /var.
  /var.set        Set a user variable to a literal value.
  [168/219] /help var (10.7ms)
demo> /help cap
NAME
  /cap - Data capture tools.

DESCRIPTION
  0 files in cap/

AVAILABLE
  TUI: yes   CLI: yes (current)   MCP: yes

SUBCOMMANDS
  /cap.bin        Capture raw binary bytes.
  /cap.clear      Delete all files in cap/.
  /cap.dump       Print the newest (or named) file from cap/ to the terminal.
  /cap.explore    Open cap/ in the system file explorer.
  /cap.hex        Capture hex text lines, decode with format spec to CSV.
  /cap.list       List files in cap/, newest first, with size and age.
  /cap.poll       Poll commands on a schedule, display (and optionally save) results.
  /cap.rename     Rename a file in cap/ (extension kept; never overwrites).
  /cap.show       Open the newest file in cap/ with the system viewer.
  /cap.stop       Stop an active capture.
  /cap.struct     Capture raw bytes, decode with format spec to CSV.
  /cap.text       Capture serial text to a file for a timed duration.
  /cap.wire       Run a command and show TX/RX bytes as inline hex + repr.
  [169/219] /help cap (4.85ms)
demo> /help ss
NAME
  /ss - Screenshot tools: save SVG/text, manage folder.

DESCRIPTION
  0 screenshots in ss/

AVAILABLE
  TUI: yes   CLI: yes (current)   MCP: yes

SUBCOMMANDS
  /ss.clear      Delete all files in ss/.
  /ss.explore    Open ss/ in the system file explorer.
  /ss.list       List files in ss/, newest first, with size and age.
  /ss.rename     Rename a file in ss/ (extension kept; never overwrites).
  /ss.show       Open the newest file in ss/ with the system viewer.
  /ss.svg        Save an SVG screenshot of the terminal.
  /ss.txt        Save a text screenshot (optionally last/first N lines).
  [170/219] /help ss (2.87ms)
demo> /help proto
NAME
  /proto - Binary protocol tools: send, run, debug, hex, crc, info.

DESCRIPTION
  3 scripts in proto/
  
  Send examples:
    /proto.send 01 02 03         - send three hex bytes
    /proto.send "AT\r"           - send text with carriage return
    /proto.send 0x01 "hello" 0D  - mix hex and text
    /proto.send 00 ~25ms "AT\r"  - wake byte, 25ms pause, then command
    /proto.send ~500us 01 02     - 500us delay before data
  
  Inline delays use ~duration syntax (us, ms, s). Delays under
  1ms use spin-wait for precision. Delays >= 1ms use OS sleep.
  
  Send with CRC (algorithm name with optional _le/_be/_ascii suffixes):
    /proto.send crc16-modbus 01 03 00 00 00 0A            - append LE CRC (default)
    /proto.send crc16-modbus_be 01 03 00 00 00 0A         - append BE CRC
    /proto.send crc16-modbus_ascii "READ 0000"             - append CRC as hex text
    /proto.send crc16-modbus_be_ascii 01 03 00 00 00 0A   - BE CRC as hex text
  
  CRC tools:
    /proto.crc.list              - list all 100+ algorithms
    /proto.crc.list *modbus*     - filter by glob pattern
    /proto.crc.info crc16-modbus - show parameters for Modbus CRC
    /proto.crc.calc crc16-modbus 01 03 00 00 00 01  - compute CRC
  
  Script files (.pro) support TOML format with [] sections
  or flat format with send:/expect: directives. Scripts are found
  in the proto/ subfolder of your config directory.

AVAILABLE
  TUI: yes   CLI: yes (current)   MCP: yes

SUBCOMMANDS
  /proto.crc        Browse and compute CRC algorithms.
  /proto.debug      Interactive protocol debug screen.
  /proto.dump       Print the newest (or named) file from proto/ to the terminal.
  /proto.explore    Open proto/ in the system file explorer.
  /proto.help       Show /proto help.
  /proto.hex        Toggle hex display mode.
  /proto.info       Print current protocol state.
  /proto.list       List files in proto/, newest first, with size and age.
  /proto.rename     Rename a file in proto/ (extension kept; never overwrites).
  /proto.run        Run a protocol test script.
  /proto.send       Send raw bytes (with optional CRC), show response.
  /proto.show       Open the newest file in proto/ with the system viewer.
  [171/219] /help proto (5.89ms)
demo> /help plugin
NAME
  /plugin - Plugin-folder tools: list, explore, show, dump.

AVAILABLE
  TUI: yes   CLI: yes (current)   MCP: yes

SUBCOMMANDS
  /plugin.dump       Print the newest (or named) file from plugin/ to the terminal.
  /plugin.explore    Open plugin/ in the system file explorer.
  /plugin.list       List files in plugin/, newest first, with size and age.
  /plugin.rename     Rename a file in plugin/ (extension kept; never overwrites).
  /plugin.show       Open the newest file in plugin/ with the system viewer.
  [172/219] /help plugin (1.56ms)
demo> /help sym
NAME
  /sym - Symbol table: name -> address, or address -> name+offset.

SYNOPSIS
  /sym <addr|name>

DESCRIPTION
  Current symbols = 13 (sym/demo.symbols.json)
  
  Symbols come from your linker map: /sym.import <map> converts it to
  sym/<cfg>.symbols.json in the config folder (a generated file, overwritten on
  re-import) and loads it.  The sidecar auto-loads whenever the config
  loads -- TUI, CLI and MCP alike.
  
  Address forms:
    0x1000         hex
    1000h          hex (assembly suffix)
    1000           DECIMAL -- bare hex is never guessed
    main           symbol name (exact, case-sensitive)
    main+0x10      symbol plus offset (also main-4)
    tick@adc.c     duplicate static, qualified by file (adc or src/adc.c too)
    name.<bit>     reserved for bit/slice/field access; an exact symbol
                   name wins, so count.12 is the symbol count.12
  
  Search forms (/sym.search): exact name, glob (*main*, Mon*), regex
  (^Mon), or a case-insensitive substring.
  
  Commands:
    /sym <addr|name>        - name -> address, or address -> name+offset
    /sym.import {map}       - convert a linker map and load it
                              (bare: re-import the same map, after a rebuild)
    /sym.load {path}        - reload the sidecar, or load an explicit file
    /sym.unload             - clear the loaded table (file untouched)
    /sym.search <pattern>   - search names
    /sym.info               - file, source, counts by section, range

AVAILABLE
  TUI: yes   CLI: yes (current)   MCP: yes

SUBCOMMANDS
  /sym.import    Convert a linker map to sym/<cfg>.symbols.json and load it (bare: re-import the same map).
  /sym.info      Show the loaded symbol table: file, source, counts by section, address range.
  /sym.load      Load a symbol table (default: sym/<cfg>.symbols.json, the file /sym.import writes).
  /sym.search    Search symbols by name: exact, glob (*main*), regex (^Mon), or substring.
  /sym.unload    Clear the loaded symbol table.
  [173/219] /help sym (6.65ms)
demo> /help mem
NAME
  /mem - Device memory: dump, typed reads, writes and bit ops via /sym names.

DESCRIPTION
  Reads and writes device memory.  Native firmware implements the
  termapy MEM spec (see /help memory):
  
    MEM.R <addr> <len>      -> rows "<ADDR>: <XX XX ...>" then OK
    MEM.W <addr> <hex>      -> OK
    MEM.M <addr> <and> <or> -> the old word, then OK   (atomic masked write)
    MEM.INFO                -> one JSON line then OK
    any failure             -> ERR <reason>
  
  A device with its own peek/poke grammar is described by the profile's
  "memory" block (dialect template).  Targets take every /sym form plus
  bits: gTemp, main+0x10, U1MODE.ON, gFlags.4-6, 0x1000.15.  Bit and
  mask writes use the device's atomic MEM.M when advertised, else a
  read + write-back that can race an ISR (xor always does).
  
  Every mutation is audited in the session log (address, word before
  and after, origin).  Over MCP they are destructive: confirm=true.
  
  Commands:
    /mem.dump <target> {len} {type}  - hexdump; u16/u32 word columns,
                                       i*/f* decimal/float; addr= ascii=
                                       toggle columns (both off = bare)
    /mem.read <target> {type}        - one typed value, field, bit or slice
    /mem.write <target> <hex|value>  - hex bytes; or a field/bit value
    /mem.or|and|xor|clear <target> <mask> - mask ops (clear: word &= ~mask)
    /mem.not <target>                - invert one word
    /mem.str <target> {max}          - NUL-terminated string (default cap 256)
    /mem.info                        - dialect, limits, endian, atomic modify
  
  Bare /mem is /mem.info: it probes the device (MEM.INFO) and shows
  the availability verdict, so it doubles as the check after connect.

AVAILABLE
  TUI: yes   CLI: yes (current)   MCP: yes

SUBCOMMANDS
  /mem.and      AND a mask into one word (atomic via MEM.M when available).
  /mem.clear    Clear mask bits in one word: word &= ~mask (atomic via MEM.M when available).
  /mem.dump     Hexdump or word columns at an address or symbol (default: the symbol's size, else 64).
  /mem.info     Show how memory access is configured: dialect, block limit, address width, endian, atomic modify.
  /mem.not      Invert one word (always read + write-back).
  /mem.or       OR a mask into one word (atomic via MEM.M when available).
  /mem.read     Read one typed value: scalar, char, register field, bit or slice.
  /mem.str      Read a NUL-terminated string at an address or symbol.
  /mem.write    Write hex bytes, or set a register field/bit (audited).
  /mem.xor      XOR a mask into one word (always read + write-back).
  [174/219] /help mem (5.69ms)
demo> /help run
NAME
  /run - Run a script file, or list available scripts.

SYNOPSIS
  /run {filename}

AVAILABLE
  TUI: yes   CLI: yes (current)   MCP: yes

SUBCOMMANDS
  /run.dump       Print the newest (or named) file from run/ to the terminal.
  /run.explore    Open run/ in the system file explorer.
  /run.help       Show /run help, or print a script's docstring.
  /run.legacy     Scan a .run script for legacy command names (report, or --fix to rewrite).
  /run.list       List .run scripts, newest first, with size, age, and docstring summary.
  /run.profile    Run a script with per-line timing.
  /run.record     Record commands to a .run script (bare /run.record stops).
  /run.rename     Rename a file in run/ (extension kept; never overwrites).
  /run.show       Open the newest file in run/ with the system viewer.
  [175/219] /help run (3.13ms)
demo> /print === section: help.run ===
  === section: help.run ===
  [176/219] /print === section: help.run === (156us)
demo> /help.run
-- Scripts --
  /run at_demo                  AT Command Demo -- Walks through all demo device commands
  /run crc_tour                 the whole /proto.crc.* API in one screen
  /run doc_screenshots          Generate documentation images
  /run expect_test              Expect command test
  /run gps_demo                 GPS/NMEA Demo -- Query simulated GPS receiver
  /run smoke_test               Smoke test for demo device
  /run status_check             Quick status check
  /run var_demo                 Variable Demo -- Set variables and use them in commands
  /run welcome                  Welcome script -- Runs on connect via on_connect_cmd config
  9 scripts.
  [177/219] /help.run (5.17ms)
demo> /print === section: help.plugin ===
  === section: help.plugin ===
  [178/219] /print === section: help.plugin === (185us)
demo> /help.plugin
-- Application --
  /cli          Already in CLI mode.
  /clr          Clear the terminal screen (alias for /cls).
  /delay        Wait for duration with progress bar (e.g. 500ms, 1.5s).
  /demo         Set up and switch to the demo device config.
  /raw          Send raw text to serial (no transforms or line ending).
  /tui          Switch to TUI mode.

-- Application Plugins --
  /app          App-wide state and config.
  /cap          Data capture tools.
  /cfg          Show or set config values.
  /cls          Clear the terminal screen.
  /credits      Print acknowledgments / third-party attributions.
  /dev          Device files: a part's registers as data (see /help symbols).
  /edit         Open a project file in the system editor.
  /env          Print environment variables for $(env.NAME) expansion (alias: /env.list).
  /exit         Exit termapy.
  /find         Navigate scrollback matches with an interactive find bar.
  /grep         Search the scrollback for lines matching a pattern (case-insensitive regex).
  /help         Print the command landscape or look up a specific command.
  /log          Session log: print, fingerprint, or open it.
  /mcp          MCP catalog and status (Model Context Protocol).
  /mem          Device memory: dump, typed reads, writes and bit ops via /sym names.
  /os           Run a shell command and show output (10s timeout). e.g. /os dir
  /ping         Send a command and measure response time.
  /plugin       Plugin-folder tools: list, explore, show, dump.
  /port         Serial port tools: connect, disconnect, list, configure.
  /print        Print a message to the terminal.
  /profile      Device profile commands (MCP profile schema, validator, loader).
  /proto        Binary protocol tools: send, run, debug, hex, crc, info.
  /repeat       Repeat a command N times with optional delay (escape to cancel).
  /run          Run a script file, or list available scripts.
  /search       Deep-search every command's metadata (name, help, args, flags, long help).
  /seq          Print sequence counters.
  /show         Show a file.
  /ss           Screenshot tools: save SVG/text, manage folder.
  /stop         Abort a running script.
  /sym          Symbol table: name -> address, or address -> name+offset.
  /term         Terminal display / session toggles (echo, line_no, timestamps, ...).
  /var          List user variables, or show one by name.
  /xfer         File transfer: settings and XMODEM / YMODEM send and receive.

-- demo Plugins --
  /crcsend      Send text with XMODEM CRC-16 appended.
  /probe        Query the device and display the response.
  /temp_plot    Sample temperature and show ASCII sparkline.

-- Script Commands (.run files only) --
  /confirm      Show Yes/Cancel dialog; Cancel stops a running script.
  /expect       Wait for text in serial output (blocks until match or timeout).
  44 commands.
  [179/219] /help.plugin (6.49ms)
demo> /print === section: cap.poll ===
  === section: cap.poll ===
  [180/219] /print === section: cap.poll === (154us)
demo> /cap.poll count=3 delay=0 --notime cmd=AT+RAMP
    counter     AT+RAMP
          1         0.0
          2         0.1
          3         0.2
  Poll complete (3 samples)
  [181/219] /cap.poll count=3 delay=0 --notime cmd=AT+RAMP (208ms)
demo> /cap.poll fmt=bogus cmd=AT
  Error: /cap.poll: invalid fmt: 'bogus' (expected one of: csv, json)
  Usage: /cap.poll {count=<N>} {delay=<dur>} {file=<path>} {labels=<value>} {regex=<value>} {fmt=csv|json} {timeout=<dur>} cmd=<command>
  [182/219] /cap.poll fmt=bogus cmd=AT (1.1ms)
demo> /print === section: repeat ===
  === section: repeat ===
  [183/219] /print === section: repeat === (362us)
demo> /repeat count=3 cmd=/print hello
demo> /print hello
  hello
demo> /print hello
  hello
demo> /print hello
  hello
  [184/219] /repeat count=3 cmd=/print hello (3.16ms)
demo> /repeat count=3 var=I cmd=/print iteration $(I)
demo> /print iteration $(I)
  iteration 1
demo> /print iteration $(I)
  iteration 2
demo> /print iteration $(I)
  iteration 3
  [185/219] /repeat count=3 var=I cmd=/print iteration $(I) (2.4ms)
demo> /repeat cmd=AT
  Error: /repeat: missing required parameter 'count'
  Usage: /repeat count=<N> {delay=<dur>} {var=<name>} cmd=<command>
  [186/219] /repeat cmd=AT (969us)
demo> /repeat count=0 cmd=AT
  Error: /repeat: count must be >= 1 (got 0)
  Usage: /repeat count=<N> {delay=<dur>} {var=<name>} cmd=<command>
  [187/219] /repeat count=0 cmd=AT (1.27ms)
demo> /repeat count=abc cmd=AT
  Error: /repeat: invalid count: 'abc' (expected an integer)
  Usage: /repeat count=<N> {delay=<dur>} {var=<name>} cmd=<command>
  [188/219] /repeat count=abc cmd=AT (713us)
demo> /repeat count=1 delay=xyz cmd=AT
  Error: /repeat: invalid delay: 'xyz' (expected duration, e.g. 500ms, 1.5s)
  Usage: /repeat count=<N> {delay=<dur>} {var=<name>} cmd=<command>
  [189/219] /repeat count=1 delay=xyz cmd=AT (465us)
demo> /repeat foo count=1 cmd=AT
  Error: /repeat: unexpected argument: 'foo'
  Usage: /repeat count=<N> {delay=<dur>} {var=<name>} cmd=<command>
  [190/219] /repeat foo count=1 cmd=AT (369us)
demo> /print === section: env vars ===
  === section: env vars ===
  [191/219] /print === section: env vars === (123us)
demo> /env.set TEST_VAR hello_world
    TEST_VAR=hello_world
  [192/219] /env.set TEST_VAR hello_world (113us)
demo> /env.list TEST_VAR
    TEST_VAR=hello_world
  [193/219] /env.list TEST_VAR (127us)
demo> /env.set TEST_VAR updated
    TEST_VAR=updated
  [194/219] /env.set TEST_VAR updated (108us)
demo> /env.list TEST_VAR
    TEST_VAR=updated
  [195/219] /env.list TEST_VAR (109us)
demo> /print === section: errors ===
  === section: errors ===
  [196/219] /print === section: errors === (105us)
demo> /nonexistent_command
  Error: Unknown command: nonexistent_command
  [197/219] /nonexistent_command (17.4ms)
demo> /cfg nonexistent_key
  Error: Unknown config key: nonexistent_key
  [198/219] /cfg nonexistent_key (6us)
demo> /port.baud_rate not_a_number
  Invalid baud rate: not_a_number
  [199/219] /port.baud_rate not_a_number (133us)
demo> /port.parity X
  Invalid parity: X (use E, M, N, O, S)
  [200/219] /port.parity X (125us)
demo> /port.dtr maybe
  Invalid DTR value: maybe (use 0/1/on/off)
  [201/219] /port.dtr maybe (126us)
demo> /port.break -5
  Invalid duration (use milliseconds, e.g. 250)
  [202/219] /port.break -5 (116us)
demo> /print === section: capability gates (tui_mode + screen_capture) ===
  === section: capability gates (tui_mode + screen_capture) ===
  [203/219] /print === section: capability gates (tui_mode + screen_c... (117us)
demo> /line_no on
    Note: /line_no is legacy; use /term.line_no.
  Error: /term.line_no requires: tui_mode (not available in this environment)
  [204/219] /line_no on (243us)
demo> /ss.svg
  Error: /ss.svg requires: screen_capture (not available in this environment)
  [205/219] /ss.svg (252us)
demo> /ss.txt
  Error: /ss.txt requires: screen_capture (not available in this environment)
  [206/219] /ss.txt (278us)
demo> /print === section: json mode ===
  === section: json mode ===
  [207/219] /print === section: json mode === (129us)
demo> /term.line_no --json
  {"cmd": "/term.line_no", "success": false, "error": "/term.line_no requires: tui_mode (not available in this environment)", "value": "", "data": null, "output_lines": [], "elapsed_s": 0.0}
  [208/219] /term.line_no --json (328us)
demo> /term.request on
  request_mode = True  (session)
  on
  [209/219] /term.request on (217us)
demo> /print hello enveloped
  {"cmd": "/print hello enveloped", "success": true, "error": "", "value": "hello enveloped", "data": null, "output_lines": ["hello enveloped"], "elapsed_s": 0.0}
  [210/219] /print hello enveloped (8us)
demo> /var.set GOLD 42
  {"cmd": "/var.set GOLD 42", "success": true, "error": "", "value": "42", "data": null, "output_lines": ["  $(GOLD) = 42"], "elapsed_s": 0.0}
  [211/219] /var.set GOLD 42 (46us)
demo> /var GOLD
  {"cmd": "/var GOLD", "success": true, "error": "", "value": "42", "data": null, "output_lines": [], "elapsed_s": 0.0}
  [212/219] /var GOLD (6us)
{"cmd": "AT"}
  {"cmd": "AT", "success": true, "error": "", "value": "OK", "data": null, "output_lines": [], "elapsed_s": 0.0539}
  [213/219] AT (53.9ms)
{"cmd": "AT+PROD-ID"}
  {"cmd": "AT+PROD-ID", "success": true, "error": "", "value": "+PROD-ID:BASSOMATIC-77", "data": null, "output_lines": [], "elapsed_s": 0.0613}
  [214/219] AT+PROD-ID (61.3ms)
demo> /nope_bogus_cmd
  {"cmd": "/nope_bogus_cmd", "success": false, "error": "Unknown command: nope_bogus_cmd", "value": "", "data": null, "output_lines": [], "elapsed_s": 0.0}
  [215/219] /nope_bogus_cmd (19.4ms)
demo> /mem
  {"cmd": "/mem", "success": true, "error": "", "value": "termapy", "data": {"available": true, "dialect": "termapy", "max_block": 64, "address_bits": 32, "endian": "le", "atomic_modify": true, "sources": {"dialect": "default", "max_block": "device", "address_bits": "device", "endian": "device", "modify": "device"}, "device_info": {"max_block": 64, "address_bits": 32, "endian": "le", "modify": true}, "template": null}, "output_lines": ["  status       : ok", "  dialect      : termapy  (default)", "  max_block    : 64  (device)", "  address_bits : 32  (device)", "  endian       : le  (device)", "  atomic modify: yes  (device)", "  device       : answered MEM.INFO"], "elapsed_s": 0.0599}
  [216/219] /mem (59.9ms)
demo> /term.request off
  request_mode = False  (session)
  {"cmd": "/term.request off", "success": true, "error": "", "value": "off", "data": null, "output_lines": ["off"], "elapsed_s": 0.0004}
  [217/219] /term.request off (390us)
demo> MEM.R 0x1000 2 --json
{"cmd": "MEM.R 0x1000 2"}
  {"cmd": "MEM.R 0x1000 2", "success": true, "error": "", "value": "00001000: 25 01\r\nOK", "data": null, "output_lines": [], "elapsed_s": 0.0596}
  [218/219] MEM.R 0x1000 2 --json (59.6ms)
demo> /print prose is back
  prose is back
  [219/219] /print prose is back (263us)
  Script cli_test.run done (11.3s)
Disconnected: DEMO
